// 重构日志: 2e8348a9
// 重构日志: ad01e5d1
// 重构日志: 6fd82407
// 重构日志: 8828b8a7
// 重构日志: 4fa23efa
// 重构日志: 3b48871a
// 重构日志: 1f62de8f
// 重构日志: 2e2a8f9b
// 重构日志: 063b3ad7
// 重构日志: 42e2eb08
// 重构日志: 75ff1e5c
// 同步 ID: 11003718 @ Mon Jul 27 00:13:20 UTC 2026
// 重构日志: 9a549a2b
// 同步 ID: c0fc3077 @ Wed Jul 29 16:32:40 UTC 2026
// 重构日志: 3bcf3dc8
// 重构日志: beaeb8e1
// 重构日志: 4475ce51
// 重构日志: 0055e689
// 重构日志: e835cc6b
// 重构日志: 5645d02c
// 同步 ID: 9f2c42ce @ Fri Aug  7 15:21:31 UTC 2026
// 同步 ID: 0003e3d9 @ Fri Aug  7 17:51:07 UTC 2026
// 重构日志: 9a5fec79
// 重构日志: 1e2fc9c0
// 同步 ID: a457f863 @ Sat Aug  8 11:14:25 UTC 2026
// 重构日志: af9dc4b1
